-ERR wrong number of arguments for 'get' command
-ERR unknown command 'foo'
