:0
:1
:0
:1
+OK
-ERR Operation against a key holding the wrong kind of value
